// Jest Snapshot v1, https://goo.gl/fbAQLP

exports[`withConnectContext should render 1`] = `
<ComponentConnectContext
  keyName="posts"
  pattern="array"
  routes={
    Array [
      "posts",
    ]
  }
>
  <MockComponent
    deploy={[MockFunction]}
    fetch={[MockFunction]}
    keyName="posts"
    pattern="array"
    request={[MockFunction]}
    reset={[MockFunction]}
    routes={
      Array [
        "posts",
      ]
    }
    subscribe={[MockFunction]}
  >
    <div>
      Component
    </div>
  </MockComponent>
</ComponentConnectContext>
`;
