// Jest Snapshot v1, https://goo.gl/fbAQLP

exports[`withRouteMiniApp should render and new an app and fetchData 1`] = `
<MockComponent
  componentId="posts"
  deploy={[Function]}
  fetch={
    [MockFunction] {
      "calls": Array [
        Array [
          "posts",
          "posts",
          undefined,
        ],
      ],
    }
  }
  refId={
    CannerRefId {
      "_internalArr": Array [
        "posts",
      ],
      "child": [Function],
      "getPathArr": [Function],
      "remove": [Function],
      "toString": [Function],
    }
  }
  renderChildren={[Function]}
  request={[MockFunction]}
  reset={[MockFunction]}
  subscribe={[MockFunction]}
  value={
    Immutable.Map {
      "_id": "test",
    }
  }
/>
`;
