// Jest Snapshot v1, https://goo.gl/fbAQLP

exports[`with route mini app should render 1`] = `
<div>
  <MockComponent
    createEmptyData={[Function]}
    deploy={[Function]}
    fetch={[MockFunction]}
    params={Object {}}
    refId={
      CannerRefId {
        "_internalArr": Array [
          "posts",
        ],
        "child": [Function],
        "getPathArr": [Function],
        "remove": [Function],
        "toString": [Function],
      }
    }
    renderCancelButton={[Function]}
    renderChildren={[Function]}
    renderConfirmButton={[Function]}
    request={[Function]}
    reset={[Function]}
    subscribe={[MockFunction]}
  />
</div>
`;
