// Jest Snapshot v1, https://goo.gl/fbAQLP

exports[`provider methods fetch object 1`] = `
Object {
  "home": Object {
    "__typename": "HomePayload",
    "bestAuthor": Object {
      "__typename": "User",
      "age": 10,
      "email": "wwwy3y3@gmail.com",
      "id": "1",
      "images": Array [
        Object {
          "id": "0",
          "url": "url",
        },
      ],
      "name": "user1",
    },
    "count": 10,
    "header": Object {
      "__typename": null,
      "subTitle": "subTitle",
      "title": "largeTitle",
    },
    "navs": Array [
      Object {
        "__typename": null,
        "id": "0",
        "text": "nav1",
      },
      Object {
        "__typename": null,
        "id": "1",
        "text": "nav2",
      },
    ],
    "staredPosts": Object {
      "__typename": null,
      "edges": Array [
        Object {
          "__typename": null,
          "cursor": "1",
          "node": Object {
            "__typename": "Post",
            "id": "1",
            "notes": Array [
              Object {
                "__typename": null,
                "id": "0",
                "text": "note1",
              },
              Object {
                "__typename": null,
                "id": "1",
                "text": "note2",
              },
            ],
            "title": "123",
          },
        },
        Object {
          "__typename": null,
          "cursor": "2",
          "node": Object {
            "__typename": "Post",
            "id": "2",
            "notes": Array [
              Object {
                "__typename": null,
                "id": "0",
                "text": "note3",
              },
              Object {
                "__typename": null,
                "id": "1",
                "text": "note4",
              },
            ],
            "title": "123",
          },
        },
      ],
      "pageInfo": Object {
        "__typename": null,
        "hasNextPage": false,
        "hasPreviousPage": false,
      },
    },
  },
}
`;
